// Jest Snapshot v1, https://goo.gl/fbAQLP

exports[`Card Should match the snapshot 1`] = `
<div>
  <h2>
    Charli
  </h2>
  <h3>
    10/23
  </h3>
  <p>
    12:00 PM
  </p>
  <p>
    2
  </p>
  <button
    onClick={[Function]}
  >
    Cancel Reservation
  </button>
</div>
`;
